I, [2014-09-02T14:28:34.055294 #5904]  INFO -- : 12345
I, [2014-09-02T14:28:34.105297 #5904]  INFO -- : 33333333
I, [2014-09-02T14:28:39.624612 #5904]  INFO -- : 33333333
